ets Jul 29 2019 12:21:46

rst:0x1 (POWERON_RESET),boï¿½ets Jul 29 2019 12:21:46

rst:0x1 (POWERON_RESET),boot:0x13 (SPI_FAST_FLASH_BOOT)
configsip: 0, SPIWP:0xee
clk_drv:0x00,q_drv:0x00,d_drv:0x00,cs0_drv:0x00,hd_drv:0x00,wp_drv:0x00
mode:DIO, clock div:2
load:0x3fff0030,len:7176
load:0x40078000,len:15564
ho 0 tail 12 room 4
load:0x40080400,len:4
load:0x40080404,len:3904
entry 0x40080640
[0;32mI (31) boot: ESP-IDF v5.3.1 2nd stage bootloader[0m
[0;32mI (31) boot: compile time Dec  1 2024 19:35:41[0m
[0;32mI (31) boot: Multicore bootloader[0m
[0;32mI (35) boot: chip revision: v3.1[0m
[0;32mI (39) boot.esp32: SPI Speed      : 40MHz[0m
[0;32mI (44) boot.esp32: SPI Mode       : DIO[0m
[0;32mI (48) boot.esp32: SPI Flash Size : 2MB[0m
[0;32mI (53) boot: Enabling RNG early entropy source...[0m
[0;32mI (58) boot: Partition Table:[0m
[0;32mI (62) boot: ## Label            Usage          Type ST Offset   Length[0m
[0;32mI (69) boot:  0 nvs              WiFi data        01 02 00009000 00006000[0m
[0;32mI (77) boot:  1 phy_init         RF data          01 01 0000f000 00001000[0m
[0;32mI (84) boot:  2 factory          factory app      00 00 00010000 00100000[0m
[0;32mI (92) boot: End of partition table[0m
[0;32mI (96) esp_image: segment 0: paddr=00010020 vaddr=3f400020 size=2042ch (132140) map[0m
[0;32mI (150) esp_image: segment 1: paddr=00030454 vaddr=3ffbdb60 size=04b9ch ( 19356) load[0m
[0;32mI (157) esp_image: segment 2: paddr=00034ff8 vaddr=40080000 size=0b020h ( 45088) load[0m
[0;32mI (175) esp_image: segment 3: paddr=00040020 vaddr=400d0020 size=799e0h (498144) map[0m
[0;32mI (346) esp_image: segment 4: paddr=000b9a08 vaddr=4008b020 size=0c450h ( 50256) load[0m
[0;32mI (378) boot: Loaded app from partition at offset 0x10000[0m
[0;32mI (378) boot: Disabling RNG early entropy source...[0m
[0;32mI (390) cpu_start: Multicore app[0m
[0;32mI (398) cpu_start: Pro cpu start user code[0m
[0;32mI (398) cpu_start: cpu freq: 160000000 Hz[0m
[0;32mI (398) app_init: Application information:[0m
[0;32mI (401) app_init: Project name:     gatt_server_demos[0m
[0;32mI (407) app_init: App version:      d5a65e4[0m
[0;32mI (412) app_init: Compile time:     Dec  2 2024 16:16:44[0m
[0;32mI (418) app_init: ELF file SHA256:  30b3332fc...[0m
[0;32mI (423) app_init: ESP-IDF:          v5.3.1[0m
[0;32mI (428) efuse_init: Min chip rev:     v0.0[0m
[0;32mI (432) efuse_init: Max chip rev:     v3.99 [0m
[0;32mI (437) efuse_init: Chip rev:         v3.1[0m
[0;32mI (443) heap_init: Initializing. RAM available for dynamic allocation:[0m
[0;32mI (450) heap_init: At 3FFAFF10 len 000000F0 (0 KiB): DRAM[0m
[0;32mI (456) heap_init: At 3FFB6388 len 00001C78 (7 KiB): DRAM[0m
[0;32mI (462) heap_init: At 3FFB9A20 len 00004108 (16 KiB): DRAM[0m
[0;32mI (468) heap_init: At 3FFC71A0 len 00018E60 (99 KiB): DRAM[0m
[0;32mI (474) heap_init: At 3FFE0440 len 00003AE0 (14 KiB): D/IRAM[0m
[0;32mI (480) heap_init: At 3FFE4350 len 0001BCB0 (111 KiB): D/IRAM[0m
[0;32mI (487) heap_init: At 40097470 len 00008B90 (34 KiB): IRAM[0m
[0;32mI (495) spi_flash: detected chip: generic[0m
[0;32mI (498) spi_flash: flash io: dio[0m
[0;33mW (501) spi_flash: Detected size(4096k) larger than the size in the binary image header(2048k). Using the size in the binary image header.[0m
[0;32mI (515) coexist: coex firmware version: 4482466[0m
[0;32mI (521) main_task: Started on CPU0[0m
[0;32mI (531) main_task: Calling app_main()[0m
[0;32mI (551) BTDM_INIT: BT controller compile version [b022216][0m
[0;32mI (551) BTDM_INIT: Bluetooth MAC: 88:13:bf:01:f0:5e[0m
[0;32mI (551) phy_init: phy_version 4830,54550f7,Jun 20 2024,14:22:08[0m
[0;32mI (951) GATTS_DEMO: SSID REGISTER_APP_EVT, status 0, app_id 0
[0m
[0;32mI (951) GATTS_DEMO: CREATE_SERVICE_EVT, status 0, service_handle 40
[0m
[0;32mI (951) GATTS_DEMO: ADD_CHAR_EVT, status 133,  attr_handle 0, service_handle 40
[0m
[0;32mI (961) GATTS_DEMO: PASSWORD REGISTER_APP_EVT, status 0, app_id 1
[0m
[0;32mI (971) GATTS_DEMO: CREATE_SERVICE_EVT, status 0, service_handle 42
[0m
[0;32mI (971) GATTS_DEMO: ADD_CHAR_EVT, status 133,  attr_handle 0, service_handle 42
[0m
[0;32mI (981) main_task: Returned from app_main()[0m
